2026-07-11T07:17:55.775682Z  INFO herdr::platform::macos: raised server file descriptor soft limit previous=256 target=8192
2026-07-11T07:17:55.776143Z  INFO herdr::api::server: api server listening path=/Users/subhr/.config/herdr/herdr.sock
2026-07-11T07:17:55.777032Z  INFO herdr::app: using pane scrollback configuration pane_scrollback_limit_bytes=10000000
2026-07-11T07:17:55.792585Z  INFO herdr::logging: checking for updates event="update.check.start" subsystem="update" outcome="started"
2026-07-11T07:17:55.797292Z  INFO herdr::logging: spawning pane terminal event="pane.spawn.start" subsystem="pane" outcome="started" pane_id=1 rows=24 cols=80 scrollback_limit_bytes=10000000
2026-07-11T07:17:55.800277Z  INFO herdr::logging: pane child spawned event="pane.spawned" subsystem="pane" outcome="ok" pane_id=1 pid=17615
2026-07-11T07:17:55.800500Z  INFO herdr::logging: workspace created event="workspace.create" subsystem="workspace" outcome="ok" workspace_id="w1" pane_id=1
2026-07-11T07:17:55.800520Z  INFO herdr::logging: workspace focused event="workspace.focus" subsystem="workspace" outcome="ok" workspace_id="w1"
2026-07-11T07:17:55.800562Z  INFO herdr::logging: tab focused event="tab.focus" subsystem="tab" outcome="ok" workspace_id="w1" tab_id="w1:t1"
2026-07-11T07:17:55.800579Z  INFO herdr::server::headless: created startup workspace cwd=/Users/subhr/.config
2026-07-11T07:17:55.800706Z  INFO herdr::server::headless: client protocol socket listening path=/Users/subhr/.config/herdr/herdr-client.sock
2026-07-11T07:17:55.800735Z  INFO herdr::server::headless: herdr server started api_socket=/Users/subhr/.config/herdr/herdr.sock client_socket=/Users/subhr/.config/herdr/herdr-client.sock
2026-07-11T07:17:55.800762Z  INFO herdr::logging: herdr starting event="app.startup" subsystem="server" outcome="started" pid=17578
2026-07-11T07:17:55.846495Z  WARN herdr::detect::manifest_update: skipping unknown remote manifest agent agent="maki"
2026-07-11T07:17:56.056474Z  INFO herdr::server::headless: client connected client_id=2 cols=205 rows=60 cell_width_px=0 cell_height_px=0 render_encoding=SemanticFrame
2026-07-11T07:18:00.804504Z  INFO herdr::logging: session saved event="persist.save" subsystem="persist" outcome="ok" path=/Users/subhr/.config/herdr/session.json workspaces=1
2026-07-11T07:19:06.890391Z  INFO herdr::server::headless: client detach requested via keybind client_id=2
2026-07-11T07:19:06.893154Z  INFO herdr::server::headless: client disconnected client_id=2
2026-07-11T07:20:31.748417Z  INFO herdr::server::headless: client connected client_id=4 cols=205 rows=61 cell_width_px=0 cell_height_px=0 render_encoding=SemanticFrame
2026-07-11T07:20:40.516665Z  INFO herdr::server::headless: client detach requested via keybind client_id=4
2026-07-11T07:20:40.519919Z  INFO herdr::server::headless: client disconnected client_id=4
2026-07-11T07:33:27.425485Z  INFO herdr::server::headless: client connected client_id=6 cols=205 rows=63 cell_width_px=0 cell_height_px=0 render_encoding=SemanticFrame
2026-07-11T07:33:29.970303Z  INFO herdr::server::headless: client detach requested via keybind client_id=6
2026-07-11T07:33:29.974824Z  INFO herdr::server::headless: client disconnected client_id=6
2026-07-11T07:47:55.830589Z  INFO herdr::logging: checking for updates event="update.check.start" subsystem="update" outcome="started"
2026-07-11T07:47:55.902983Z  WARN herdr::detect::manifest_update: skipping unknown remote manifest agent agent="maki"
